2026-02-19 13:54:39,000 - __main__ - INFO - ================================================================================
2026-02-19 13:54:39,000 - __main__ - INFO - SETUP: Creating test environment
2026-02-19 13:54:39,000 - __main__ - INFO - ================================================================================
2026-02-19 13:54:39,006 - __main__ - INFO - 
================================================================================
2026-02-19 13:54:39,006 - __main__ - INFO - STARTING COMPREHENSIVE RESTART RECOVERY TESTS
2026-02-19 13:54:39,006 - __main__ - INFO - ================================================================================
2026-02-19 13:54:39,006 - __main__ - INFO - 
================================================================================
2026-02-19 13:54:39,006 - __main__ - INFO - TEST 1: Basic Processed File Tracking
2026-02-19 13:54:39,006 - __main__ - INFO - ================================================================================
2026-02-19 13:54:39,008 - batch_processor_service - INFO - TransactionFileHandler initialized with 3 worker threads
2026-02-19 13:54:39,010 - batch_processor_service - INFO - Failed files log: D:\Machine Learning\JFF JOB\transaction-streamlit-main\logs\failed_files.json
2026-02-19 13:54:39,010 - batch_processor_service - INFO - Processed files log: D:\Machine Learning\JFF JOB\transaction-streamlit-main\logs\processed_files.json (auto-cleanup every 24h)
2026-02-19 13:54:39,010 - batch_processor_service - INFO - Loaded 0 previously processed files from log
2026-02-19 13:54:39,040 - batch_processor_service - INFO - Shutting down worker threads...
2026-02-19 13:54:44,027 - batch_processor_service - INFO - All worker threads stopped
2026-02-19 13:54:44,527 - __main__ - INFO - 
================================================================================
2026-02-19 13:54:44,527 - __main__ - INFO - TEST 2: Skip Already Processed Files
2026-02-19 13:54:44,527 - __main__ - INFO - ================================================================================
2026-02-19 13:54:44,533 - batch_processor_service - INFO - TransactionFileHandler initialized with 3 worker threads
2026-02-19 13:54:44,535 - batch_processor_service - INFO - Failed files log: D:\Machine Learning\JFF JOB\transaction-streamlit-main\logs\failed_files.json
2026-02-19 13:54:44,535 - batch_processor_service - INFO - Processed files log: D:\Machine Learning\JFF JOB\transaction-streamlit-main\logs\processed_files.json (auto-cleanup every 24h)
2026-02-19 13:54:44,535 - batch_processor_service - INFO - Loaded 0 previously processed files from log
2026-02-19 13:54:44,546 - batch_processor_service - INFO - Shutting down worker threads...
2026-02-19 13:54:49,542 - batch_processor_service - INFO - All worker threads stopped
2026-02-19 13:54:50,053 - __main__ - INFO - 
================================================================================
2026-02-19 13:54:50,053 - __main__ - INFO - TEST 3: Startup Scan Processes Unprocessed Files Only
2026-02-19 13:54:50,053 - __main__ - INFO - ================================================================================
2026-02-19 13:54:50,056 - __main__ - INFO - ================================================================================
2026-02-19 13:54:50,056 - __main__ - INFO - SETUP: Creating test environment
2026-02-19 13:54:50,056 - __main__ - INFO - ================================================================================
2026-02-19 13:54:50,082 - batch_processor_service - INFO - TransactionFileHandler initialized with 3 worker threads
2026-02-19 13:54:50,083 - batch_processor_service - INFO - Failed files log: D:\Machine Learning\JFF JOB\transaction-streamlit-main\logs\failed_files.json
2026-02-19 13:54:50,083 - batch_processor_service - INFO - Processed files log: D:\Machine Learning\JFF JOB\transaction-streamlit-main\logs\processed_files.json (auto-cleanup every 24h)
2026-02-19 13:54:50,083 - batch_processor_service - INFO - Loaded 0 previously processed files from log
2026-02-19 13:54:50,095 - batch_processor_service - INFO - Shutting down worker threads...
2026-02-19 13:54:55,088 - batch_processor_service - INFO - All worker threads stopped
2026-02-19 13:54:55,590 - __main__ - INFO - 
================================================================================
2026-02-19 13:54:55,590 - __main__ - INFO - TEST 4: Log Cleanup Removes Old Entries
2026-02-19 13:54:55,591 - __main__ - INFO - ================================================================================
2026-02-19 13:54:55,595 - __main__ - INFO - ================================================================================
2026-02-19 13:54:55,595 - __main__ - INFO - SETUP: Creating test environment
2026-02-19 13:54:55,595 - __main__ - INFO - ================================================================================
2026-02-19 13:54:55,599 - batch_processor_service - INFO - TransactionFileHandler initialized with 3 worker threads
2026-02-19 13:54:55,600 - batch_processor_service - INFO - Failed files log: D:\Machine Learning\JFF JOB\transaction-streamlit-main\logs\failed_files.json
2026-02-19 13:54:55,600 - batch_processor_service - INFO - Processed files log: D:\Machine Learning\JFF JOB\transaction-streamlit-main\logs\processed_files.json (auto-cleanup every 24h)
2026-02-19 13:54:55,600 - batch_processor_service - INFO - Loaded 0 previously processed files from log
2026-02-19 13:54:55,668 - batch_processor_service - INFO - Shutting down worker threads...
2026-02-19 13:55:00,606 - batch_processor_service - INFO - All worker threads stopped
2026-02-19 13:55:01,107 - __main__ - INFO - 
================================================================================
2026-02-19 13:55:01,107 - __main__ - INFO - TEST 5: Power Failure Scenario (Real-World Simulation)
2026-02-19 13:55:01,108 - __main__ - INFO - ================================================================================
2026-02-19 13:55:01,110 - __main__ - INFO - ================================================================================
2026-02-19 13:55:01,110 - __main__ - INFO - SETUP: Creating test environment
2026-02-19 13:55:01,111 - __main__ - INFO - ================================================================================
2026-02-19 13:55:01,115 - batch_processor_service - INFO - TransactionFileHandler initialized with 3 worker threads
2026-02-19 13:55:01,116 - batch_processor_service - INFO - Failed files log: D:\Machine Learning\JFF JOB\transaction-streamlit-main\logs\failed_files.json
2026-02-19 13:55:01,116 - batch_processor_service - INFO - Processed files log: D:\Machine Learning\JFF JOB\transaction-streamlit-main\logs\processed_files.json (auto-cleanup every 24h)
2026-02-19 13:55:01,116 - batch_processor_service - INFO - Loaded 0 previously processed files from log
2026-02-19 13:55:01,152 - batch_processor_service - INFO - Shutting down worker threads...
2026-02-19 13:55:06,123 - batch_processor_service - INFO - All worker threads stopped
2026-02-19 13:55:07,153 - batch_processor_service - INFO - TransactionFileHandler initialized with 3 worker threads
2026-02-19 13:55:07,154 - batch_processor_service - INFO - Failed files log: D:\Machine Learning\JFF JOB\transaction-streamlit-main\logs\failed_files.json
2026-02-19 13:55:07,154 - batch_processor_service - INFO - Processed files log: D:\Machine Learning\JFF JOB\transaction-streamlit-main\logs\processed_files.json (auto-cleanup every 24h)
2026-02-19 13:55:07,154 - batch_processor_service - INFO - Loaded 0 previously processed files from log
2026-02-19 13:55:07,169 - batch_processor_service - INFO - Shutting down worker threads...
2026-02-19 13:55:12,160 - batch_processor_service - INFO - All worker threads stopped
2026-02-19 13:55:12,671 - __main__ - INFO - 
================================================================================
2026-02-19 13:55:12,671 - __main__ - INFO - ================================================================================
2026-02-19 13:55:12,672 - __main__ - INFO - Restart recovery feature is working correctly:
2026-02-19 13:55:12,673 - __main__ - INFO - ================================================================================
