2026-02-19 13:47:39,111 - __main__ - INFO - ================================================================================
2026-02-19 13:47:39,111 - __main__ - INFO - SETUP: Creating test environment
2026-02-19 13:47:39,111 - __main__ - INFO - ================================================================================
2026-02-19 13:47:39,133 - __main__ - INFO - 
================================================================================
2026-02-19 13:47:39,136 - __main__ - INFO - STARTING COMPREHENSIVE RESTART RECOVERY TESTS
2026-02-19 13:47:39,137 - __main__ - INFO - ================================================================================
2026-02-19 13:47:39,137 - __main__ - INFO - 
================================================================================
2026-02-19 13:47:39,138 - __main__ - INFO - TEST 1: Basic Processed File Tracking
2026-02-19 13:47:39,138 - __main__ - INFO - ================================================================================
2026-02-19 13:47:39,149 - batch_processor_service - INFO - TransactionFileHandler initialized with 3 worker threads
2026-02-19 13:47:39,162 - batch_processor_service - INFO - Failed files log: D:\Machine Learning\JFF JOB\transaction-streamlit-main\logs\failed_files.json
2026-02-19 13:47:39,162 - batch_processor_service - INFO - Processed files log: D:\Machine Learning\JFF JOB\transaction-streamlit-main\logs\processed_files.json (auto-cleanup every 24h)
2026-02-19 13:47:39,163 - batch_processor_service - INFO - Loaded 0 previously processed files from log
2026-02-19 13:47:39,279 - batch_processor_service - INFO - Shutting down worker threads...
2026-02-19 13:47:44,172 - batch_processor_service - INFO - All worker threads stopped
2026-02-19 13:47:44,673 - __main__ - INFO - 
================================================================================
2026-02-19 13:47:44,673 - __main__ - INFO - TEST 2: Skip Already Processed Files
2026-02-19 13:47:44,673 - __main__ - INFO - ================================================================================
2026-02-19 13:47:44,728 - batch_processor_service - INFO - TransactionFileHandler initialized with 3 worker threads
2026-02-19 13:47:44,780 - batch_processor_service - INFO - Failed files log: D:\Machine Learning\JFF JOB\transaction-streamlit-main\logs\failed_files.json
2026-02-19 13:47:44,781 - batch_processor_service - INFO - Processed files log: D:\Machine Learning\JFF JOB\transaction-streamlit-main\logs\processed_files.json (auto-cleanup every 24h)
2026-02-19 13:47:44,781 - batch_processor_service - INFO - Loaded 0 previously processed files from log
