2026-02-19 13:51:11,587 - __main__ - INFO - ================================================================================
2026-02-19 13:51:11,587 - __main__ - INFO - SETUP: Creating test environment
2026-02-19 13:51:11,587 - __main__ - INFO - ================================================================================
2026-02-19 13:51:11,587 - __main__ - INFO - 
================================================================================
2026-02-19 13:51:11,587 - __main__ - INFO - STARTING COMPREHENSIVE RESTART RECOVERY TESTS
2026-02-19 13:51:11,587 - __main__ - INFO - ================================================================================
2026-02-19 13:51:11,587 - __main__ - INFO - 
================================================================================
2026-02-19 13:51:11,587 - __main__ - INFO - TEST 1: Basic Processed File Tracking
2026-02-19 13:51:11,587 - __main__ - INFO - ================================================================================
2026-02-19 13:51:11,587 - batch_processor_service - INFO - TransactionFileHandler initialized with 3 worker threads
2026-02-19 13:51:11,603 - batch_processor_service - INFO - Failed files log: D:\Machine Learning\JFF JOB\transaction-streamlit-main\logs\failed_files.json
2026-02-19 13:51:11,603 - batch_processor_service - INFO - Processed files log: D:\Machine Learning\JFF JOB\transaction-streamlit-main\logs\processed_files.json (auto-cleanup every 24h)
2026-02-19 13:51:11,603 - batch_processor_service - INFO - Loaded 0 previously processed files from log
2026-02-19 13:51:11,634 - batch_processor_service - INFO - Shutting down worker threads...
2026-02-19 13:51:16,616 - batch_processor_service - INFO - All worker threads stopped
2026-02-19 13:51:17,133 - __main__ - INFO - 
================================================================================
2026-02-19 13:51:17,133 - __main__ - INFO - TEST 2: Skip Already Processed Files
2026-02-19 13:51:17,133 - __main__ - INFO - ================================================================================
2026-02-19 13:51:17,133 - batch_processor_service - INFO - TransactionFileHandler initialized with 3 worker threads
2026-02-19 13:51:17,133 - batch_processor_service - INFO - Failed files log: D:\Machine Learning\JFF JOB\transaction-streamlit-main\logs\failed_files.json
2026-02-19 13:51:17,133 - batch_processor_service - INFO - Processed files log: D:\Machine Learning\JFF JOB\transaction-streamlit-main\logs\processed_files.json (auto-cleanup every 24h)
2026-02-19 13:51:17,133 - batch_processor_service - INFO - Loaded 0 previously processed files from log
2026-02-19 13:51:17,152 - batch_processor_service - INFO - Shutting down worker threads...
2026-02-19 13:51:22,147 - batch_processor_service - INFO - All worker threads stopped
2026-02-19 13:51:22,662 - __main__ - INFO - 
================================================================================
2026-02-19 13:51:22,662 - __main__ - INFO - TEST 3: Startup Scan Processes Unprocessed Files Only
2026-02-19 13:51:22,662 - __main__ - INFO - ================================================================================
2026-02-19 13:51:22,687 - batch_processor_service - INFO - TransactionFileHandler initialized with 3 worker threads
2026-02-19 13:51:22,687 - batch_processor_service - INFO - Failed files log: D:\Machine Learning\JFF JOB\transaction-streamlit-main\logs\failed_files.json
2026-02-19 13:51:22,687 - batch_processor_service - INFO - Processed files log: D:\Machine Learning\JFF JOB\transaction-streamlit-main\logs\processed_files.json (auto-cleanup every 24h)
2026-02-19 13:51:22,687 - batch_processor_service - INFO - Loaded 0 previously processed files from log
