2026-02-19 13:49:12,324 - __main__ - INFO - ================================================================================
2026-02-19 13:49:12,324 - __main__ - INFO - SETUP: Creating test environment
2026-02-19 13:49:12,324 - __main__ - INFO - ================================================================================
2026-02-19 13:49:12,340 - __main__ - INFO - 
================================================================================
2026-02-19 13:49:12,340 - __main__ - INFO - STARTING COMPREHENSIVE RESTART RECOVERY TESTS
2026-02-19 13:49:12,340 - __main__ - INFO - ================================================================================
2026-02-19 13:49:12,341 - __main__ - INFO - 
================================================================================
2026-02-19 13:49:12,341 - __main__ - INFO - TEST 1: Basic Processed File Tracking
2026-02-19 13:49:12,341 - __main__ - INFO - ================================================================================
2026-02-19 13:49:12,348 - batch_processor_service - INFO - TransactionFileHandler initialized with 3 worker threads
2026-02-19 13:49:12,360 - batch_processor_service - INFO - Failed files log: D:\Machine Learning\JFF JOB\transaction-streamlit-main\logs\failed_files.json
2026-02-19 13:49:12,360 - batch_processor_service - INFO - Processed files log: D:\Machine Learning\JFF JOB\transaction-streamlit-main\logs\processed_files.json (auto-cleanup every 24h)
2026-02-19 13:49:12,360 - batch_processor_service - INFO - Loaded 0 previously processed files from log
2026-02-19 13:49:12,412 - batch_processor_service - INFO - Shutting down worker threads...
2026-02-19 13:49:17,375 - batch_processor_service - INFO - All worker threads stopped
2026-02-19 13:49:17,883 - __main__ - INFO - 
================================================================================
2026-02-19 13:49:17,883 - __main__ - INFO - TEST 2: Skip Already Processed Files
2026-02-19 13:49:17,884 - __main__ - INFO - ================================================================================
2026-02-19 13:49:17,904 - batch_processor_service - INFO - TransactionFileHandler initialized with 3 worker threads
2026-02-19 13:49:17,913 - batch_processor_service - INFO - Failed files log: D:\Machine Learning\JFF JOB\transaction-streamlit-main\logs\failed_files.json
2026-02-19 13:49:17,914 - batch_processor_service - INFO - Processed files log: D:\Machine Learning\JFF JOB\transaction-streamlit-main\logs\processed_files.json (auto-cleanup every 24h)
2026-02-19 13:49:17,914 - batch_processor_service - INFO - Loaded 0 previously processed files from log
2026-02-19 13:49:17,936 - batch_processor_service - INFO - Shutting down worker threads...
2026-02-19 13:49:22,923 - batch_processor_service - INFO - All worker threads stopped
2026-02-19 13:49:23,438 - __main__ - INFO - 
================================================================================
2026-02-19 13:49:23,438 - __main__ - INFO - TEST 3: Startup Scan Processes Unprocessed Files Only
2026-02-19 13:49:23,438 - __main__ - INFO - ================================================================================
2026-02-19 13:49:23,508 - batch_processor_service - INFO - TransactionFileHandler initialized with 3 worker threads
2026-02-19 13:49:23,512 - batch_processor_service - INFO - Failed files log: D:\Machine Learning\JFF JOB\transaction-streamlit-main\logs\failed_files.json
2026-02-19 13:49:23,512 - batch_processor_service - INFO - Processed files log: D:\Machine Learning\JFF JOB\transaction-streamlit-main\logs\processed_files.json (auto-cleanup every 24h)
2026-02-19 13:49:23,513 - batch_processor_service - INFO - Loaded 0 previously processed files from log
