2026-02-19 13:50:47,161 - __main__ - INFO - ================================================================================
2026-02-19 13:50:47,161 - __main__ - INFO - SETUP: Creating test environment
2026-02-19 13:50:47,177 - __main__ - INFO - ================================================================================
2026-02-19 13:50:47,186 - __main__ - INFO - 
================================================================================
2026-02-19 13:50:47,186 - __main__ - INFO - STARTING COMPREHENSIVE RESTART RECOVERY TESTS
2026-02-19 13:50:47,186 - __main__ - INFO - ================================================================================
2026-02-19 13:50:47,186 - __main__ - INFO - 
================================================================================
2026-02-19 13:50:47,186 - __main__ - INFO - TEST 1: Basic Processed File Tracking
2026-02-19 13:50:47,186 - __main__ - INFO - ================================================================================
2026-02-19 13:50:47,245 - batch_processor_service - INFO - TransactionFileHandler initialized with 3 worker threads
2026-02-19 13:50:47,259 - batch_processor_service - INFO - Failed files log: D:\Machine Learning\JFF JOB\transaction-streamlit-main\logs\failed_files.json
2026-02-19 13:50:47,259 - batch_processor_service - INFO - Processed files log: D:\Machine Learning\JFF JOB\transaction-streamlit-main\logs\processed_files.json (auto-cleanup every 24h)
2026-02-19 13:50:47,259 - batch_processor_service - INFO - Loaded 0 previously processed files from log
2026-02-19 13:50:47,325 - batch_processor_service - INFO - Shutting down worker threads...
2026-02-19 13:50:52,276 - batch_processor_service - INFO - All worker threads stopped
2026-02-19 13:50:52,786 - __main__ - INFO - 
================================================================================
2026-02-19 13:50:52,786 - __main__ - INFO - TEST 2: Skip Already Processed Files
2026-02-19 13:50:52,786 - __main__ - INFO - ================================================================================
2026-02-19 13:50:52,814 - batch_processor_service - INFO - TransactionFileHandler initialized with 3 worker threads
2026-02-19 13:50:52,827 - batch_processor_service - INFO - Failed files log: D:\Machine Learning\JFF JOB\transaction-streamlit-main\logs\failed_files.json
2026-02-19 13:50:52,827 - batch_processor_service - INFO - Processed files log: D:\Machine Learning\JFF JOB\transaction-streamlit-main\logs\processed_files.json (auto-cleanup every 24h)
2026-02-19 13:50:52,829 - batch_processor_service - INFO - Loaded 0 previously processed files from log
2026-02-19 13:50:52,842 - batch_processor_service - INFO - Shutting down worker threads...
2026-02-19 13:50:57,849 - batch_processor_service - INFO - All worker threads stopped
2026-02-19 13:50:58,362 - __main__ - INFO - 
================================================================================
2026-02-19 13:50:58,362 - __main__ - INFO - TEST 3: Startup Scan Processes Unprocessed Files Only
2026-02-19 13:50:58,362 - __main__ - INFO - ================================================================================
2026-02-19 13:50:58,424 - batch_processor_service - INFO - TransactionFileHandler initialized with 3 worker threads
2026-02-19 13:50:58,431 - batch_processor_service - INFO - Failed files log: D:\Machine Learning\JFF JOB\transaction-streamlit-main\logs\failed_files.json
2026-02-19 13:50:58,432 - batch_processor_service - INFO - Processed files log: D:\Machine Learning\JFF JOB\transaction-streamlit-main\logs\processed_files.json (auto-cleanup every 24h)
2026-02-19 13:50:58,433 - batch_processor_service - INFO - Loaded 0 previously processed files from log
