2026-02-19 13:46:30,663 - __main__ - INFO - ================================================================================
2026-02-19 13:46:30,664 - __main__ - INFO - SETUP: Creating test environment
2026-02-19 13:46:30,664 - __main__ - INFO - ================================================================================
2026-02-19 13:46:30,838 - __main__ - INFO - 
================================================================================
2026-02-19 13:46:30,846 - __main__ - INFO - STARTING COMPREHENSIVE RESTART RECOVERY TESTS
2026-02-19 13:46:30,848 - __main__ - INFO - ================================================================================
2026-02-19 13:46:30,848 - __main__ - INFO - 
================================================================================
2026-02-19 13:46:30,849 - __main__ - INFO - TEST 1: Basic Processed File Tracking
2026-02-19 13:46:30,849 - __main__ - INFO - ================================================================================
2026-02-19 13:46:30,866 - batch_processor_service - INFO - TransactionFileHandler initialized with 3 worker threads
2026-02-19 13:46:30,929 - batch_processor_service - INFO - Failed files log: D:\Machine Learning\JFF JOB\transaction-streamlit-main\logs\failed_files.json
2026-02-19 13:46:30,930 - batch_processor_service - INFO - Processed files log: D:\Machine Learning\JFF JOB\transaction-streamlit-main\logs\processed_files.json (auto-cleanup every 24h)
2026-02-19 13:46:30,930 - batch_processor_service - INFO - Loaded 0 previously processed files from log
2026-02-19 13:46:31,150 - batch_processor_service - INFO - Shutting down worker threads...
2026-02-19 13:46:36,109 - batch_processor_service - INFO - All worker threads stopped
2026-02-19 13:46:36,611 - __main__ - INFO - 
================================================================================
2026-02-19 13:46:36,611 - __main__ - INFO - TEST 2: Skip Already Processed Files
2026-02-19 13:46:36,611 - __main__ - INFO - ================================================================================
2026-02-19 13:46:36,695 - batch_processor_service - INFO - TransactionFileHandler initialized with 3 worker threads
2026-02-19 13:46:36,734 - batch_processor_service - INFO - Failed files log: D:\Machine Learning\JFF JOB\transaction-streamlit-main\logs\failed_files.json
2026-02-19 13:46:36,752 - batch_processor_service - INFO - Processed files log: D:\Machine Learning\JFF JOB\transaction-streamlit-main\logs\processed_files.json (auto-cleanup every 24h)
2026-02-19 13:46:36,752 - batch_processor_service - INFO - Loaded 0 previously processed files from log
