2026-02-19 13:55:17,783 - __main__ - INFO - ================================================================================
2026-02-19 13:55:17,783 - __main__ - INFO - SETUP: Creating test environment
2026-02-19 13:55:17,783 - __main__ - INFO - ================================================================================
2026-02-19 13:55:17,794 - __main__ - INFO - 
================================================================================
2026-02-19 13:55:17,794 - __main__ - INFO - STARTING COMPREHENSIVE RESTART RECOVERY TESTS
2026-02-19 13:55:17,795 - __main__ - INFO - ================================================================================
2026-02-19 13:55:17,795 - __main__ - INFO - 
================================================================================
2026-02-19 13:55:17,796 - __main__ - INFO - TEST 1: Basic Processed File Tracking
2026-02-19 13:55:17,796 - __main__ - INFO - ================================================================================
2026-02-19 13:55:17,811 - batch_processor_service - INFO - TransactionFileHandler initialized with 3 worker threads
2026-02-19 13:55:17,818 - batch_processor_service - INFO - Failed files log: D:\Machine Learning\JFF JOB\transaction-streamlit-main\logs\failed_files.json
2026-02-19 13:55:17,819 - batch_processor_service - INFO - Processed files log: D:\Machine Learning\JFF JOB\transaction-streamlit-main\logs\processed_files.json (auto-cleanup every 24h)
2026-02-19 13:55:17,819 - batch_processor_service - INFO - Loaded 0 previously processed files from log
2026-02-19 13:55:17,857 - batch_processor_service - INFO - Shutting down worker threads...
2026-02-19 13:55:22,836 - batch_processor_service - INFO - All worker threads stopped
2026-02-19 13:55:23,346 - __main__ - INFO - 
================================================================================
2026-02-19 13:55:23,346 - __main__ - INFO - TEST 2: Skip Already Processed Files
2026-02-19 13:55:23,347 - __main__ - INFO - ================================================================================
2026-02-19 13:55:23,362 - batch_processor_service - INFO - TransactionFileHandler initialized with 3 worker threads
2026-02-19 13:55:23,370 - batch_processor_service - INFO - Failed files log: D:\Machine Learning\JFF JOB\transaction-streamlit-main\logs\failed_files.json
2026-02-19 13:55:23,370 - batch_processor_service - INFO - Processed files log: D:\Machine Learning\JFF JOB\transaction-streamlit-main\logs\processed_files.json (auto-cleanup every 24h)
2026-02-19 13:55:23,370 - batch_processor_service - INFO - Loaded 0 previously processed files from log
2026-02-19 13:55:23,392 - batch_processor_service - INFO - Shutting down worker threads...
2026-02-19 13:55:28,382 - batch_processor_service - INFO - All worker threads stopped
2026-02-19 13:55:28,885 - __main__ - INFO - 
================================================================================
2026-02-19 13:55:28,885 - __main__ - INFO - TEST 3: Startup Scan Processes Unprocessed Files Only
2026-02-19 13:55:28,885 - __main__ - INFO - ================================================================================
2026-02-19 13:55:28,890 - __main__ - INFO - ================================================================================
2026-02-19 13:55:28,890 - __main__ - INFO - SETUP: Creating test environment
2026-02-19 13:55:28,890 - __main__ - INFO - ================================================================================
2026-02-19 13:55:28,936 - batch_processor_service - INFO - TransactionFileHandler initialized with 3 worker threads
2026-02-19 13:55:28,940 - batch_processor_service - INFO - Failed files log: D:\Machine Learning\JFF JOB\transaction-streamlit-main\logs\failed_files.json
2026-02-19 13:55:28,940 - batch_processor_service - INFO - Processed files log: D:\Machine Learning\JFF JOB\transaction-streamlit-main\logs\processed_files.json (auto-cleanup every 24h)
2026-02-19 13:55:28,941 - batch_processor_service - INFO - Loaded 0 previously processed files from log
2026-02-19 13:55:28,958 - batch_processor_service - INFO - Shutting down worker threads...
2026-02-19 13:55:33,957 - batch_processor_service - INFO - All worker threads stopped
2026-02-19 13:55:34,462 - __main__ - INFO - 
================================================================================
2026-02-19 13:55:34,463 - __main__ - INFO - TEST 4: Log Cleanup Removes Old Entries
2026-02-19 13:55:34,463 - __main__ - INFO - ================================================================================
2026-02-19 13:55:34,468 - __main__ - INFO - ================================================================================
2026-02-19 13:55:34,468 - __main__ - INFO - SETUP: Creating test environment
2026-02-19 13:55:34,469 - __main__ - INFO - ================================================================================
2026-02-19 13:55:34,483 - batch_processor_service - INFO - TransactionFileHandler initialized with 3 worker threads
2026-02-19 13:55:34,490 - batch_processor_service - INFO - Failed files log: D:\Machine Learning\JFF JOB\transaction-streamlit-main\logs\failed_files.json
2026-02-19 13:55:34,491 - batch_processor_service - INFO - Processed files log: D:\Machine Learning\JFF JOB\transaction-streamlit-main\logs\processed_files.json (auto-cleanup every 24h)
2026-02-19 13:55:34,491 - batch_processor_service - INFO - Loaded 0 previously processed files from log
2026-02-19 13:55:34,557 - batch_processor_service - INFO - Shutting down worker threads...
2026-02-19 13:55:39,506 - batch_processor_service - INFO - All worker threads stopped
2026-02-19 13:55:40,012 - __main__ - INFO - 
================================================================================
2026-02-19 13:55:40,012 - __main__ - INFO - TEST 5: Power Failure Scenario (Real-World Simulation)
2026-02-19 13:55:40,012 - __main__ - INFO - ================================================================================
2026-02-19 13:55:40,016 - __main__ - INFO - ================================================================================
2026-02-19 13:55:40,016 - __main__ - INFO - SETUP: Creating test environment
2026-02-19 13:55:40,016 - __main__ - INFO - ================================================================================
2026-02-19 13:55:40,028 - batch_processor_service - INFO - TransactionFileHandler initialized with 3 worker threads
2026-02-19 13:55:40,034 - batch_processor_service - INFO - Failed files log: D:\Machine Learning\JFF JOB\transaction-streamlit-main\logs\failed_files.json
2026-02-19 13:55:40,034 - batch_processor_service - INFO - Processed files log: D:\Machine Learning\JFF JOB\transaction-streamlit-main\logs\processed_files.json (auto-cleanup every 24h)
2026-02-19 13:55:40,035 - batch_processor_service - INFO - Loaded 0 previously processed files from log
2026-02-19 13:55:40,068 - batch_processor_service - INFO - Shutting down worker threads...
2026-02-19 13:55:45,050 - batch_processor_service - INFO - All worker threads stopped
2026-02-19 13:55:46,090 - batch_processor_service - INFO - TransactionFileHandler initialized with 3 worker threads
2026-02-19 13:55:46,099 - batch_processor_service - INFO - Failed files log: D:\Machine Learning\JFF JOB\transaction-streamlit-main\logs\failed_files.json
2026-02-19 13:55:46,099 - batch_processor_service - INFO - Processed files log: D:\Machine Learning\JFF JOB\transaction-streamlit-main\logs\processed_files.json (auto-cleanup every 24h)
2026-02-19 13:55:46,099 - batch_processor_service - INFO - Loaded 0 previously processed files from log
2026-02-19 13:55:46,123 - batch_processor_service - INFO - Shutting down worker threads...
2026-02-19 13:55:51,114 - batch_processor_service - INFO - All worker threads stopped
2026-02-19 13:55:51,624 - __main__ - INFO - 
================================================================================
2026-02-19 13:55:51,626 - __main__ - INFO - ================================================================================
2026-02-19 13:55:51,626 - __main__ - INFO - Restart recovery feature is working correctly:
2026-02-19 13:55:51,638 - __main__ - INFO - ================================================================================
