2026-02-19 13:50:08,811 - __main__ - INFO - ================================================================================
2026-02-19 13:50:08,811 - __main__ - INFO - SETUP: Creating test environment
2026-02-19 13:50:08,811 - __main__ - INFO - ================================================================================
2026-02-19 13:50:08,832 - __main__ - INFO - 
================================================================================
2026-02-19 13:50:08,832 - __main__ - INFO - STARTING COMPREHENSIVE RESTART RECOVERY TESTS
2026-02-19 13:50:08,833 - __main__ - INFO - ================================================================================
2026-02-19 13:50:08,833 - __main__ - INFO - 
================================================================================
2026-02-19 13:50:08,833 - __main__ - INFO - TEST 1: Basic Processed File Tracking
2026-02-19 13:50:08,833 - __main__ - INFO - ================================================================================
2026-02-19 13:50:08,833 - batch_processor_service - INFO - TransactionFileHandler initialized with 3 worker threads
2026-02-19 13:50:08,855 - batch_processor_service - INFO - Failed files log: D:\Machine Learning\JFF JOB\transaction-streamlit-main\logs\failed_files.json
2026-02-19 13:50:08,855 - batch_processor_service - INFO - Processed files log: D:\Machine Learning\JFF JOB\transaction-streamlit-main\logs\processed_files.json (auto-cleanup every 24h)
2026-02-19 13:50:08,855 - batch_processor_service - INFO - Loaded 0 previously processed files from log
2026-02-19 13:50:08,905 - batch_processor_service - INFO - Shutting down worker threads...
2026-02-19 13:50:13,872 - batch_processor_service - INFO - All worker threads stopped
2026-02-19 13:50:14,384 - __main__ - INFO - 
================================================================================
2026-02-19 13:50:14,384 - __main__ - INFO - TEST 2: Skip Already Processed Files
2026-02-19 13:50:14,384 - __main__ - INFO - ================================================================================
2026-02-19 13:50:14,408 - batch_processor_service - INFO - TransactionFileHandler initialized with 3 worker threads
2026-02-19 13:50:14,419 - batch_processor_service - INFO - Failed files log: D:\Machine Learning\JFF JOB\transaction-streamlit-main\logs\failed_files.json
2026-02-19 13:50:14,426 - batch_processor_service - INFO - Processed files log: D:\Machine Learning\JFF JOB\transaction-streamlit-main\logs\processed_files.json (auto-cleanup every 24h)
2026-02-19 13:50:14,427 - batch_processor_service - INFO - Loaded 0 previously processed files from log
2026-02-19 13:50:14,458 - batch_processor_service - INFO - Shutting down worker threads...
2026-02-19 13:50:19,429 - batch_processor_service - INFO - All worker threads stopped
2026-02-19 13:50:19,929 - __main__ - INFO - 
================================================================================
2026-02-19 13:50:19,929 - __main__ - INFO - TEST 3: Startup Scan Processes Unprocessed Files Only
2026-02-19 13:50:19,929 - __main__ - INFO - ================================================================================
2026-02-19 13:50:19,977 - batch_processor_service - INFO - TransactionFileHandler initialized with 3 worker threads
2026-02-19 13:50:19,988 - batch_processor_service - INFO - Failed files log: D:\Machine Learning\JFF JOB\transaction-streamlit-main\logs\failed_files.json
2026-02-19 13:50:19,988 - batch_processor_service - INFO - Processed files log: D:\Machine Learning\JFF JOB\transaction-streamlit-main\logs\processed_files.json (auto-cleanup every 24h)
2026-02-19 13:50:19,988 - batch_processor_service - INFO - Loaded 0 previously processed files from log
